#-----------------------------------------------------------
# Vivado v2023.1 (64-bit)
# SW Build 3865809 on Sun May  7 15:04:56 MDT 2023
# IP Build 3864474 on Sun May  7 20:36:21 MDT 2023
# SharedData Build 3865790 on Sun May 07 13:33:03 MDT 2023
# Start of session at: Tue Feb 18 02:39:55 2025
# Process ID: 3675
# Current directory: /home/dell/Desktop/IIITB/5thSem/FPGA/VivadoProjects/FPGA_project/AES/AES.srcs/sources_1
# Command line: vivado
# Log file: /home/dell/Desktop/IIITB/5thSem/FPGA/VivadoProjects/FPGA_project/AES/AES.srcs/sources_1/vivado.log
# Journal file: /home/dell/Desktop/IIITB/5thSem/FPGA/VivadoProjects/FPGA_project/AES/AES.srcs/sources_1/vivado.jou
# Running On: dell-Inspiron-5415, OS: Linux, CPU Frequency: 400.000 MHz, CPU Physical cores: 12, Host memory: 7635 MB
#-----------------------------------------------------------
start_gui
open_project /home/dell/Desktop/IIITB/5thSem/FPGA/VivadoProjects/FPGA_project/AES/AES.xpr
update_compile_order -fileset sources_1
launch_simulation
open_wave_config /home/dell/Desktop/IIITB/5thSem/FPGA/VivadoProjects/FPGA_project/AES/AES_tb_behav.wcfg
source AES_tb.tcl
set_property -name {xsim.simulate.runtime} -value {100us} -objects [get_filesets sim_1]
close_sim
launch_simulation
open_wave_config /home/dell/Desktop/IIITB/5thSem/FPGA/VivadoProjects/FPGA_project/AES/AES_tb_behav.wcfg
source AES_tb.tcl
set_property -name {xsim.simulate.runtime} -value {500us} -objects [get_filesets sim_1]
close_sim
launch_simulation
open_wave_config /home/dell/Desktop/IIITB/5thSem/FPGA/VivadoProjects/FPGA_project/AES/AES_tb_behav.wcfg
source AES_tb.tcl
close_sim
launch_simulation
launch_simulation
open_wave_config /home/dell/Desktop/IIITB/5thSem/FPGA/VivadoProjects/FPGA_project/AES/AES_tb_behav.wcfg
source AES_tb.tcl
